========================================
     GitHub Connectivity Test
========================================

Testing... Please wait...

----------------------------------------
Site                      Status   Latency
----------------------------------------
github.com                FAIL     -
api.github.com            OK       444 ms
raw.githubusercontent.com FAIL     -
gitee.com                 OK       193 ms
----------------------------------------

[WARN] GitHub is unstable. Some sites failed. Try again later or use Gitee.

========================================
Press any key to exit...
